lib/games/players-db.ts(1506,149): error TS1005: ',' expected.
lib/games/players-db.ts(1506,157): error TS1005: ',' expected.
lib/games/players-db.ts(1506,171): error TS1005: ',' expected.
lib/games/players-db.ts(1506,181): error TS1005: ',' expected.
lib/games/players-db.ts(1506,185): error TS1005: ',' expected.
lib/games/players-db.ts(1506,193): error TS1005: ',' expected.
lib/games/players-db.ts(1506,199): error TS1005: ',' expected.
lib/games/players-db.ts(1506,220): error TS1002: Unterminated string literal.
lib/games/players-db.ts(1509,3): error TS1005: ',' expected.
lib/games/players-db.ts(1664,169): error TS1005: ',' expected.
lib/games/players-db.ts(1664,171): error TS1005: ',' expected.
lib/games/players-db.ts(1664,175): error TS1005: ',' expected.
lib/games/players-db.ts(1664,179): error TS1005: ',' expected.
lib/games/players-db.ts(1664,193): error TS1005: ',' expected.
lib/games/players-db.ts(1664,198): error TS1005: ',' expected.
lib/games/players-db.ts(1664,209): error TS1005: ',' expected.
lib/games/players-db.ts(1664,230): error TS1002: Unterminated string literal.
lib/games/players-db.ts(1665,3): error TS1005: ',' expected.
lib/games/players-db.ts(2060,1): error TS1005: ',' expected.
lib/games/players-db.ts(2060,17): error TS1005: ':' expected.
lib/games/players-db.ts(2060,28): error TS1005: ',' expected.
lib/games/players-db.ts(2060,36): error TS1005: ',' expected.
lib/games/players-db.ts(2060,37): error TS1109: Expression expected.
lib/games/players-db.ts(2060,39): error TS1005: ':' expected.
lib/games/players-db.ts(2061,9): error TS1005: ':' expected.
lib/games/players-db.ts(2062,3): error TS1005: ',' expected.
lib/games/players-db.ts(2062,10): error TS1005: ':' expected.
lib/games/players-db.ts(2072,1): error TS1005: ',' expected.
lib/games/players-db.ts(2072,17): error TS1005: ':' expected.
lib/games/players-db.ts(2072,44): error TS1005: ',' expected.
lib/games/players-db.ts(2073,10): error TS1005: ':' expected.
lib/games/players-db.ts(2075,1): error TS1005: ']' expected.
